response-id,source,destination,path_bandwidth,Pass?,nb of tsp pairs,total cost,transponder-type,transponder-mode,OSNR-0.1nm,SNR-0.1nm,SNR-bandwidth,baud rate (Gbaud),input power (dBm),path,"spectrum (N,M)",reversed path OSNR-0.1nm,reversed path SNR-0.1nm,reversed path SNR-bandwidth
0,trx Lorient_KMA,trx Vannes_KBE,100.0,True,1,1,Voyager,mode 1,30.84,30.84,26.75,32.0,0.0,trx Lorient_KMA | roadm Lorient_KMA | east edfa in Lorient_KMA to Vannes_KBE | fiber (Lorient_KMA → Vannes_KBE)-F055 | west edfa in Vannes_KBE to Lorient_KMA | roadm Vannes_KBE | trx Vannes_KBE,"-284, 4",,,
1,trx Brest_KLA,trx Vannes_KBE,10.0,True,1,1,Voyager,mode 1,22.65,22.11,18.03,32.0,1.0,trx Brest_KLA | roadm Brest_KLA | east edfa in Brest_KLA to Morlaix | fiber (Brest_KLA → Morlaix)-F060 | east fused spans in Morlaix | fiber (Morlaix → Lannion_CAS)-F059 | west edfa in Lannion_CAS to Morlaix | roadm Lannion_CAS | east edfa in Lannion_CAS to Corlay | fiber (Lannion_CAS → Corlay)-F061 | west fused spans in Corlay | fiber (Corlay → Loudeac)-F010 | west fused spans in Loudeac | fiber (Loudeac → Lorient_KMA)-F054 | west edfa in Lorient_KMA to Loudeac | roadm Lorient_KMA | east edfa in Lorient_KMA to Vannes_KBE | fiber (Lorient_KMA → Vannes_KBE)-F055 | west edfa in Vannes_KBE to Lorient_KMA | roadm Vannes_KBE | trx Vannes_KBE,"-276, 4",,,
3,trx Lannion_CAS,trx Rennes_STA,60.0,True,1,1,vendorA_trx-type1,mode 1,28.29,25.85,21.77,32.0,1.0,trx Lannion_CAS | roadm Lannion_CAS | east edfa in Lannion_CAS to Stbrieuc | fiber (Lannion_CAS → Stbrieuc)-F056 | east edfa in Stbrieuc to Rennes_STA | fiber (Stbrieuc → Rennes_STA)-F057 | west edfa in Rennes_STA to Stbrieuc | roadm Rennes_STA | trx Rennes_STA,"-284, 4",,,
4,trx Rennes_STA,trx Lannion_CAS,150.0,True,1,1,vendorA_trx-type1,mode 2,22.27,22.15,15.05,64.0,0.0,trx Rennes_STA | roadm Rennes_STA | east edfa in Rennes_STA to Ploermel | fiber (Rennes_STA → Ploermel)- | east edfa in Ploermel to Vannes_KBE | fiber (Ploermel → Vannes_KBE)- | west edfa in Vannes_KBE to Ploermel | roadm Vannes_KBE | east edfa in Vannes_KBE to Lorient_KMA | fiber (Vannes_KBE → Lorient_KMA)-F055 | west edfa in Lorient_KMA to Vannes_KBE | roadm Lorient_KMA | east edfa in Lorient_KMA to Loudeac | fiber (Lorient_KMA → Loudeac)-F054 | east fused spans in Loudeac | fiber (Loudeac → Corlay)-F010 | east fused spans in Corlay | fiber (Corlay → Lannion_CAS)-F061 | west edfa in Lannion_CAS to Corlay | roadm Lannion_CAS | trx Lannion_CAS,"-266, 6",,,
5,trx Rennes_STA,trx Lannion_CAS,20.0,True,1,1,vendorA_trx-type1,mode 2,30.79,28.78,21.68,64.0,3.0,trx Rennes_STA | roadm Rennes_STA | east edfa in Rennes_STA to Stbrieuc | fiber (Rennes_STA → Stbrieuc)-F057 | west edfa in Stbrieuc to Rennes_STA | fiber (Stbrieuc → Lannion_CAS)-F056 | west edfa in Lannion_CAS to Stbrieuc | roadm Lannion_CAS | trx Lannion_CAS,"-274, 6",,,
6,,,,NO_PATH,,,,,,,,,,,,,,
