{
  "gnpy-spectrum:spectrum": [
    {
      "f_min": "191400000000000.0",
      "f_max": "193100000000000.0",
      "baud_rate": "32000000000.0",
      "slot_width": "50000000000.0",
      "delta_pdb": "0.0",
      "roll_off": "0.15",
      "tx_osnr": "40.0",
      "label": "mode_1"
    },
    {
      "f_min": "193162500000000.0",
      "f_max": "195000000000000.0",
      "baud_rate": "64000000000.0",
      "slot_width": "75000000000.0",
      "roll_off": "0.15",
      "tx_osnr": "40.0",
      "tx_power_dbm": "-10.0",
      "label": "mode_2"
    }
  ]
}