{
  "gnpy-network-topology:topology": {
    "network_name": "EDFA Example Network - P2P",
    "elements": [
      {
        "uid": "Site_A",
        "type": "Transceiver",
        "metadata": {
          "location": {
            "city": "Site A",
            "region": "",
            "latitude": "0.0",
            "longitude": "0.0"
          }
        }
      },
      {
        "uid": "Span1",
        "type": "RamanFiber",
        "type_variety": "SSMF",
        "params": {
          "length": "80.0",
          "loss_coef": "0.2",
          "length_units": "km",
          "att_in": "0.0",
          "con_in": "0.5",
          "con_out": "0.0",
          "lumped_losses": [
            {
              "position": "7.0",
              "loss": "0.5"
            }
          ],
          "dispersion": "0.0000167",
          "effective_area": "0.000000000083",
          "pmd_coef": "0.000000000000001265",
          "raman_coefficient": {
            "reference_frequency": "206184634112792.0",
            "g0_per_frequency": [
              {
                "frequency_offset": "0.0",
                "g0": "0.0"
              },
              {
                "frequency_offset": "500000000000.0",
                "g0": "0.000011235161"
              },
              {
                "frequency_offset": "1000000000000.0",
                "g0": "0.0000347838074"
              },
              {
                "frequency_offset": "1500000000000.0",
                "g0": "0.0000579356636"
              },
              {
                "frequency_offset": "2000000000000.0",
                "g0": "0.000080692168"
              },
              {
                "frequency_offset": "2500000000000.0",
                "g0": "0.0000979845709"
              },
              {
                "frequency_offset": "3000000000000.0",
                "g0": "0.000110454361"
              },
              {
                "frequency_offset": "3500000000000.0",
                "g0": "0.000118735302"
              },
              {
                "frequency_offset": "4000000000000.0",
                "g0": "0.000124736889"
              },
              {
                "frequency_offset": "4500000000000.0",
                "g0": "0.000130110053"
              },
              {
                "frequency_offset": "5000000000000.0",
                "g0": "0.000141001273"
              },
              {
                "frequency_offset": "5500000000000.0",
                "g0": "0.000146383247"
              },
              {
                "frequency_offset": "6000000000000.0",
                "g0": "0.000157011792"
              },
              {
                "frequency_offset": "6500000000000.0",
                "g0": "0.000170765865"
              },
              {
                "frequency_offset": "7000000000000.0",
                "g0": "0.000188408911"
              },
              {
                "frequency_offset": "7500000000000.0",
                "g0": "0.000205914127"
              },
              {
                "frequency_offset": "8000000000000.0",
                "g0": "0.000224074028"
              },
              {
                "frequency_offset": "8500000000000.0",
                "g0": "0.000247508283"
              },
              {
                "frequency_offset": "9000000000000.0",
                "g0": "0.000277729174"
              },
              {
                "frequency_offset": "9500000000000.0",
                "g0": "0.000308044243"
              },
              {
                "frequency_offset": "10000000000000.0",
                "g0": "0.000334764439"
              },
              {
                "frequency_offset": "10500000000000.0",
                "g0": "0.000356481704"
              },
              {
                "frequency_offset": "11000000000000.0",
                "g0": "0.000377127256"
              },
              {
                "frequency_offset": "11500000000000.0",
                "g0": "0.000396269124"
              },
              {
                "frequency_offset": "12000000000000.0",
                "g0": "0.000410955175"
              },
              {
                "frequency_offset": "12500000000000.0",
                "g0": "0.000418718761"
              },
              {
                "frequency_offset": "12750000000000.0",
                "g0": "0.000419511263"
              },
              {
                "frequency_offset": "13000000000000.0",
                "g0": "0.000417025384"
              },
              {
                "frequency_offset": "13250000000000.0",
                "g0": "0.000413565369"
              },
              {
                "frequency_offset": "13500000000000.0",
                "g0": "0.000407726048"
              },
              {
                "frequency_offset": "14000000000000.0",
                "g0": "0.000383671291"
              },
              {
                "frequency_offset": "14500000000000.0",
                "g0": "0.000408564283"
              },
              {
                "frequency_offset": "14750000000000.0",
                "g0": "0.000369571936"
              },
              {
                "frequency_offset": "15000000000000.0",
                "g0": "0.00031444209"
              },
              {
                "frequency_offset": "15500000000000.0",
                "g0": "0.000216074535"
              },
              {
                "frequency_offset": "16000000000000.0",
                "g0": "0.000123097823"
              },
              {
                "frequency_offset": "16500000000000.0",
                "g0": "0.0000895457457"
              },
              {
                "frequency_offset": "17000000000000.0",
                "g0": "0.00007524704"
              },
              {
                "frequency_offset": "17500000000000.0",
                "g0": "0.0000719806145"
              },
              {
                "frequency_offset": "18000000000000.0",
                "g0": "0.0000887961158"
              },
              {
                "frequency_offset": "18250000000000.0",
                "g0": "0.0000930812065"
              },
              {
                "frequency_offset": "18500000000000.0",
                "g0": "0.0000937058268"
              },
              {
                "frequency_offset": "18750000000000.0",
                "g0": "0.0000845719619"
              },
              {
                "frequency_offset": "19000000000000.0",
                "g0": "0.0000690585286"
              },
              {
                "frequency_offset": "19500000000000.0",
                "g0": "0.0000450407159"
              },
              {
                "frequency_offset": "20000000000000.0",
                "g0": "0.0000336521245"
              },
              {
                "frequency_offset": "20500000000000.0",
                "g0": "0.0000302292475"
              },
              {
                "frequency_offset": "21000000000000.0",
                "g0": "0.0000269376939"
              },
              {
                "frequency_offset": "21500000000000.0",
                "g0": "0.0000260020897"
              },
              {
                "frequency_offset": "22000000000000.0",
                "g0": "0.0000282958958"
              },
              {
                "frequency_offset": "22500000000000.0",
                "g0": "0.0000308667558"
              },
              {
                "frequency_offset": "23000000000000.0",
                "g0": "0.0000366024657"
              },
              {
                "frequency_offset": "23500000000000.0",
                "g0": "0.0000580610307"
              },
              {
                "frequency_offset": "24000000000000.0",
                "g0": "0.0000654797937"
              },
              {
                "frequency_offset": "24500000000000.0",
                "g0": "0.0000625022715"
              },
              {
                "frequency_offset": "25000000000000.0",
                "g0": "0.0000537806442"
              },
              {
                "frequency_offset": "25500000000000.0",
                "g0": "0.0000394996621"
              },
              {
                "frequency_offset": "26000000000000.0",
                "g0": "0.0000268120644"
              },
              {
                "frequency_offset": "26500000000000.0",
                "g0": "0.0000233038554"
              },
              {
                "frequency_offset": "27000000000000.0",
                "g0": "0.0000179140757"
              },
              {
                "frequency_offset": "27500000000000.0",
                "g0": "0.0000152472424"
              },
              {
                "frequency_offset": "28000000000000.0",
                "g0": "0.0000132707565"
              },
              {
                "frequency_offset": "28500000000000.0",
                "g0": "0.000010654176"
              },
              {
                "frequency_offset": "29000000000000.0",
                "g0": "0.00000984649374"
              },
              {
                "frequency_offset": "29500000000000.0",
                "g0": "0.00000913999627"
              },
              {
                "frequency_offset": "30000000000000.0",
                "g0": "0.00000908971012"
              },
              {
                "frequency_offset": "30500000000000.0",
                "g0": "0.0000104227525"
              },
              {
                "frequency_offset": "31000000000000.0",
                "g0": "0.0000150419271"
              },
              {
                "frequency_offset": "31500000000000.0",
                "g0": "0.0000177838232"
              },
              {
                "frequency_offset": "32000000000000.0",
                "g0": "0.0000215810815"
              },
              {
                "frequency_offset": "32500000000000.0",
                "g0": "0.0000203744008"
              },
              {
                "frequency_offset": "33000000000000.0",
                "g0": "0.0000181939341"
              },
              {
                "frequency_offset": "33500000000000.0",
                "g0": "0.0000131862121"
              },
              {
                "frequency_offset": "34000000000000.0",
                "g0": "0.00000965352116"
              },
              {
                "frequency_offset": "34500000000000.0",
                "g0": "0.00000862698322"
              },
              {
                "frequency_offset": "35000000000000.0",
                "g0": "0.00000918688016"
              },
              {
                "frequency_offset": "35500000000000.0",
                "g0": "0.0000101737784"
              },
              {
                "frequency_offset": "36000000000000.0",
                "g0": "0.0000108017817"
              },
              {
                "frequency_offset": "36500000000000.0",
                "g0": "0.0000103903588"
              },
              {
                "frequency_offset": "37000000000000.0",
                "g0": "0.00000930040333"
              },
              {
                "frequency_offset": "37500000000000.0",
                "g0": "0.00000830809173"
              },
              {
                "frequency_offset": "38000000000000.0",
                "g0": "0.00000690650401"
              },
              {
                "frequency_offset": "38500000000000.0",
                "g0": "0.00000552238029"
              },
              {
                "frequency_offset": "39000000000000.0",
                "g0": "0.00000390648708"
              },
              {
                "frequency_offset": "39500000000000.0",
                "g0": "0.00000222908227"
              },
              {
                "frequency_offset": "40000000000000.0",
                "g0": "0.00000155796177"
              },
              {
                "frequency_offset": "40500000000000.0",
                "g0": "0.00000097721872"
              },
              {
                "frequency_offset": "41000000000000.0",
                "g0": "0.00000032347724"
              },
              {
                "frequency_offset": "41500000000000.0",
                "g0": "0.00000016060245"
              },
              {
                "frequency_offset": "42000000000000.0",
                "g0": "0.00000007973064"
              }
            ]
          }
        },
        "operational": {
          "temperature": "283.0",
          "raman_pumps": [
            {
              "frequency": "205000000000000.0",
              "power": "0.2",
              "propagation_direction": "counterprop"
            },
            {
              "frequency": "201000000000000.0",
              "power": "0.206",
              "propagation_direction": "counterprop"
            }
          ]
        },
        "metadata": {
          "location": {
            "region": "",
            "latitude": "1.0",
            "longitude": "0.0"
          }
        }
      },
      {
        "uid": "Edfa1",
        "type": "Edfa",
        "type_variety": "std_low_gain",
        "operational": {
          "gain_target": "17.0",
          "tilt_target": "0.0",
          "out_voa": "0.0"
        },
        "metadata": {
          "location": {
            "region": "",
            "latitude": "2.0",
            "longitude": "0.0"
          }
        }
      },
      {
        "uid": "Site_B",
        "type": "Transceiver",
        "metadata": {
          "location": {
            "city": "Site B",
            "region": "",
            "latitude": "2.0",
            "longitude": "0.0"
          }
        }
      }
    ],
    "connections": [
      {
        "from_node": "Site_A",
        "to_node": "Span1"
      },
      {
        "from_node": "Span1",
        "to_node": "Edfa1"
      },
      {
        "from_node": "Edfa1",
        "to_node": "Site_B"
      }
    ]
  }
}