{
  "gnpy-sim-params:sim-params": {
  "raman_params": {
    "flag": true,
      "result_spatial_resolution": "10000.0",
      "solver_spatial_resolution": "10000.0"
  },
  "nli_params": {
    "method": "ggn_spectrally_separated",
      "dispersion_tolerance": "1.0",
      "phase_shift_tolerance": "0.1",
      "computed_channels": [
        1,
        18,
        37,
        56,
        75
      ]
    }
  }
}